10:31:01 **** Incremental Build of configuration Debug for project Genius_stm32_1.5_final ****
make -j4 all 
arm-none-eabi-gcc "../Core/Src/main.c" -mcpu=cortex-m3 -std=gnu11 -g3 -DUSE_HAL_DRIVER -DSTM32F103xB -DDEBUG -c -I../Core/Inc -I../Drivers/STM32F1xx_HAL_Driver/Inc -I../Drivers/STM32F1xx_HAL_Driver/Inc/Legacy -I../Drivers/CMSIS/Device/ST/STM32F1xx/Include -I../Drivers/CMSIS/Include -O0 -ffunction-sections -fdata-sections -Wall -fstack-usage -MMD -MP -MF"Core/Src/main.d" -MT"Core/Src/main.o" --specs=nano.specs -mfloat-abi=soft -mthumb -o "Core/Src/main.o"
../Core/Src/main.c: In function 'proximaRodada':
../Core/Src/main.c:214:17: warning: implicit declaration of function 'srand' [-Wimplicit-function-declaration]
   int sorteio = srand()%4; //comando correto:  int sorteio = random(4);
                 ^~~~~
arm-none-eabi-gcc -o "Genius_stm32_1.5_final.elf" @"objects.list"   -mcpu=cortex-m3 -T"D:\Documentos\Repositorio_Git_e_GitHub\Praticas_com_STM32\Workspace_STM32\Genius_stm32_1.5_final\STM32F103C8TX_FLASH.ld" --specs=nosys.specs -Wl,-Map="Genius_stm32_1.5_final.map" -Wl,--gc-sections -static --specs=nano.specs -mfloat-abi=soft -mthumb -Wl,--start-group -lc -lm -Wl,--end-group
Finished building target: Genius_stm32_1.5_final.elf
 
arm-none-eabi-objdump -h -S  Genius_stm32_1.5_final.elf  > "Genius_stm32_1.5_final.list"
arm-none-eabi-objcopy  -O binary  Genius_stm32_1.5_final.elf  "Genius_stm32_1.5_final.bin"
arm-none-eabi-size   Genius_stm32_1.5_final.elf 
   text	   data	    bss	    dec	    hex	filename
   6016	    140	   1732	   7888	   1ed0	Genius_stm32_1.5_final.elf
Finished building: default.size.stdout
Finished building: Genius_stm32_1.5_final.list
Finished building: Genius_stm32_1.5_final.bin
 
 
 
10:31:24 **** Incremental Build of configuration Debug for project Genius_stm32_1.5_final ****
make -j4 all 
arm-none-eabi-size   Genius_stm32_1.5_final.elf 
   text	   data	    bss	    dec	    hex	filename
   6016	    140	   1732	   7888	   1ed0	Genius_stm32_1.5_final.elf
Finished building: default.size.stdout
 
